[debug] [2026-03-31T20:44:17.367Z] ----------------------------------------------------------------------
[debug] [2026-03-31T20:44:17.371Z] Command:       /Users/big/.nvm/versions/node/v22.17.0/bin/node /Users/big/.bun/bin/firebase deploy
[debug] [2026-03-31T20:44:17.372Z] CLI Version:   15.11.0
[debug] [2026-03-31T20:44:17.372Z] Platform:      darwin
[debug] [2026-03-31T20:44:17.372Z] Node Version:  v22.17.0
[debug] [2026-03-31T20:44:17.373Z] Time:          Tue Mar 31 2026 22:44:17 GMT+0200 (Central European Summer Time)
[debug] [2026-03-31T20:44:17.373Z] ----------------------------------------------------------------------
[debug] 
[debug] [2026-03-31T20:44:19.901Z] > command requires scopes: ["email","openid","https://www.googleapis.com/auth/cloudplatformprojects.readonly","https://www.googleapis.com/auth/firebase","https://www.googleapis.com/auth/cloud-platform"]
[debug] [2026-03-31T20:44:19.901Z] > authorizing via signed-in user (armin.luschin@gmail.com)
[debug] [2026-03-31T20:44:19.902Z] [iam] checking project mytopia-6c440 for permissions ["cloudfunctions.functions.create","cloudfunctions.functions.delete","cloudfunctions.functions.get","cloudfunctions.functions.list","cloudfunctions.functions.update","cloudfunctions.operations.get","datastore.indexes.create","datastore.indexes.delete","datastore.indexes.list","datastore.indexes.update","firebase.projects.get","firebaserules.releases.create","firebaserules.releases.update","firebaserules.rulesets.create"]
[debug] [2026-03-31T20:44:19.903Z] Checked if tokens are valid: true, expires at: 1774990965017
[debug] [2026-03-31T20:44:19.903Z] Checked if tokens are valid: true, expires at: 1774990965017
[debug] [2026-03-31T20:44:19.905Z] >>> [apiv2][query] POST https://cloudresourcemanager.googleapis.com/v1/projects/mytopia-6c440:testIamPermissions [none]
[debug] [2026-03-31T20:44:19.905Z] >>> [apiv2][(partial)header] POST https://cloudresourcemanager.googleapis.com/v1/projects/mytopia-6c440:testIamPermissions  x-goog-user-project=mytopia-6c440
[debug] [2026-03-31T20:44:19.905Z] >>> [apiv2][body] POST https://cloudresourcemanager.googleapis.com/v1/projects/mytopia-6c440:testIamPermissions {"permissions":["cloudfunctions.functions.create","cloudfunctions.functions.delete","cloudfunctions.functions.get","cloudfunctions.functions.list","cloudfunctions.functions.update","cloudfunctions.operations.get","datastore.indexes.create","datastore.indexes.delete","datastore.indexes.list","datastore.indexes.update","firebase.projects.get","firebaserules.releases.create","firebaserules.releases.update","firebaserules.rulesets.create"]}
[debug] [2026-03-31T20:44:20.809Z] <<< [apiv2][status] POST https://cloudresourcemanager.googleapis.com/v1/projects/mytopia-6c440:testIamPermissions 200
[debug] [2026-03-31T20:44:20.809Z] <<< [apiv2][body] POST https://cloudresourcemanager.googleapis.com/v1/projects/mytopia-6c440:testIamPermissions {"permissions":["cloudfunctions.functions.create","cloudfunctions.functions.delete","cloudfunctions.functions.get","cloudfunctions.functions.list","cloudfunctions.functions.update","cloudfunctions.operations.get","datastore.indexes.create","datastore.indexes.delete","datastore.indexes.list","datastore.indexes.update","firebase.projects.get","firebaserules.releases.create","firebaserules.releases.update","firebaserules.rulesets.create"]}
[debug] [2026-03-31T20:44:20.810Z] Checked if tokens are valid: true, expires at: 1774990965017
[debug] [2026-03-31T20:44:20.810Z] Checked if tokens are valid: true, expires at: 1774990965017
[debug] [2026-03-31T20:44:20.810Z] >>> [apiv2][query] POST https://iam.googleapis.com/v1/projects/mytopia-6c440/serviceAccounts/mytopia-6c440@appspot.gserviceaccount.com:testIamPermissions [none]
[debug] [2026-03-31T20:44:20.810Z] >>> [apiv2][body] POST https://iam.googleapis.com/v1/projects/mytopia-6c440/serviceAccounts/mytopia-6c440@appspot.gserviceaccount.com:testIamPermissions {"permissions":["iam.serviceAccounts.actAs"]}
[debug] [2026-03-31T20:44:21.690Z] <<< [apiv2][status] POST https://iam.googleapis.com/v1/projects/mytopia-6c440/serviceAccounts/mytopia-6c440@appspot.gserviceaccount.com:testIamPermissions 200
[debug] [2026-03-31T20:44:21.690Z] <<< [apiv2][body] POST https://iam.googleapis.com/v1/projects/mytopia-6c440/serviceAccounts/mytopia-6c440@appspot.gserviceaccount.com:testIamPermissions {"permissions":["iam.serviceAccounts.actAs"]}
[info] 
[info] === Deploying to 'mytopia-6c440'...
[info] 
[info] i  deploying storage, firestore, functions 
[info] Running command: bun run build
